// Jest Snapshot v1, https://goo.gl/fbAQLP

exports[`create a default provider 1`] = `
Object {
  "Parameters": Object {
    "AssetParameters691fcf2f421cd698a78dd390261a7120c50bef674fec27c16e9772e758d8f850ArtifactHash23C38986": Object {
      "Description": "Artifact hash for asset \\"691fcf2f421cd698a78dd390261a7120c50bef674fec27c16e9772e758d8f850\\"",
      "Type": "String",
    },
    "AssetParameters691fcf2f421cd698a78dd390261a7120c50bef674fec27c16e9772e758d8f850S3BucketDBD704BF": Object {
      "Description": "S3 bucket for asset \\"691fcf2f421cd698a78dd390261a7120c50bef674fec27c16e9772e758d8f850\\"",
      "Type": "String",
    },
    "AssetParameters691fcf2f421cd698a78dd390261a7120c50bef674fec27c16e9772e758d8f850S3VersionKey7CB5D9CD": Object {
      "Description": "S3 key for asset version \\"691fcf2f421cd698a78dd390261a7120c50bef674fec27c16e9772e758d8f850\\"",
      "Type": "String",
    },
  },
  "Resources": Object {
    "CustomAWSCDKOpenIdConnectProviderCustomResourceProviderHandlerF2C543E0": Object {
      "DependsOn": Array [
        "CustomAWSCDKOpenIdConnectProviderCustomResourceProviderRole517FED65",
      ],
      "Properties": Object {
        "Code": Object {
          "S3Bucket": Object {
            "Ref": "AssetParameters691fcf2f421cd698a78dd390261a7120c50bef674fec27c16e9772e758d8f850S3BucketDBD704BF",
          },
          "S3Key": Object {
            "Fn::Join": Array [
              "",
              Array [
                Object {
                  "Fn::Select": Array [
                    0,
                    Object {
                      "Fn::Split": Array [
                        "||",
                        Object {
                          "Ref": "AssetParameters691fcf2f421cd698a78dd390261a7120c50bef674fec27c16e9772e758d8f850S3VersionKey7CB5D9CD",
                        },
                      ],
                    },
                  ],
                },
                Object {
                  "Fn::Select": Array [
                    1,
                    Object {
                      "Fn::Split": Array [
                        "||",
                        Object {
                          "Ref": "AssetParameters691fcf2f421cd698a78dd390261a7120c50bef674fec27c16e9772e758d8f850S3VersionKey7CB5D9CD",
                        },
                      ],
                    },
                  ],
                },
              ],
            ],
          },
        },
        "Handler": "__entrypoint__.handler",
        "MemorySize": 128,
        "Role": Object {
          "Fn::GetAtt": Array [
            "CustomAWSCDKOpenIdConnectProviderCustomResourceProviderRole517FED65",
            "Arn",
          ],
        },
        "Runtime": "nodejs12.x",
        "Timeout": 900,
      },
      "Type": "AWS::Lambda::Function",
    },
    "CustomAWSCDKOpenIdConnectProviderCustomResourceProviderRole517FED65": Object {
      "Properties": Object {
        "AssumeRolePolicyDocument": Object {
          "Statement": Array [
            Object {
              "Action": "sts:AssumeRole",
              "Effect": "Allow",
              "Principal": Object {
                "Service": "lambda.amazonaws.com",
              },
            },
          ],
          "Version": "2012-10-17",
        },
        "ManagedPolicyArns": Array [
          Object {
            "Fn::Sub": "arn:\${AWS::Partition}:iam::aws:policy/service-role/AWSLambdaBasicExecutionRole",
          },
        ],
        "Policies": Array [
          Object {
            "PolicyDocument": Object {
              "Statement": Array [
                Object {
                  "Action": Array [
                    "iam:CreateOpenIDConnectProvider",
                    "iam:DeleteOpenIDConnectProvider",
                    "iam:UpdateOpenIDConnectProviderThumbprint",
                    "iam:AddClientIDToOpenIDConnectProvider",
                    "iam:RemoveClientIDFromOpenIDConnectProvider",
                  ],
                  "Effect": "Allow",
                  "Resource": "*",
                },
              ],
              "Version": "2012-10-17",
            },
            "PolicyName": "Inline",
          },
        ],
      },
      "Type": "AWS::IAM::Role",
    },
    "ProviderProviderProviderBCE1C93C": Object {
      "DeletionPolicy": "Delete",
      "Properties": Object {
        "ClientIDList": Array [
          "sts.amazonaws.com",
        ],
        "ServiceToken": Object {
          "Fn::GetAtt": Array [
            "CustomAWSCDKOpenIdConnectProviderCustomResourceProviderHandlerF2C543E0",
            "Arn",
          ],
        },
        "ThumbprintList": Array [
          "a031c46782e6e6c662c2c87c76da9aa62ccabd8e",
        ],
        "Url": "https://token.actions.githubusercontent.com",
      },
      "Type": "Custom::AWSCDKOpenIdConnectProvider",
      "UpdateReplacePolicy": "Delete",
    },
  },
}
`;
